// Jest Snapshot v1, https://goo.gl/fbAQLP

exports[`<Checkbox /> should render base component correctly 1`] = `
<div>
  <label
    class="base"
    for="test-checkbox"
  >
    <input
      class="checkBox dark"
      data-test-ref="test-data-ref"
      disabled=""
      id="test-checkbox"
      type="checkbox"
    />
    <span
      class="content dark"
    >
      Subscribe to communications about Aesop products, services, stores, events and matters of cultural interest.
    </span>
  </label>
</div>
`;
