// Jest Snapshot v1, https://goo.gl/fbAQLP

exports[`<LoadMoreButton /> should render base component correctly 1`] = `
<div>
  <button
    class="base blockStyle dark base"
    data-test-ref="CONTENT_HUB_LOAD_MORE_BUTTON"
    title="Load More"
    type="button"
  >
    <span
      class="label"
    >
      <span>
        Load More
      </span>
    </span>
  </button>
</div>
`;
