// Jest Snapshot v1, https://goo.gl/fbAQLP

exports[`<HorizontalProductDisplayAccordion /> should render base component correctly 1`] = `
<div>
  <div
    class="base"
  >
    <div
      class="base"
      data-testid="data-testid-AccordionProduct"
      id="Aganice"
      role="button"
      tabindex="-1"
    >
      <div
        class="accordionDefaultBackground"
        style="background-color: rgb(157, 181, 172);"
      >
        <picture
          class="base picture dark closedBackgroundImage"
        >
          <source
            media="(min-width: 1025px)"
            srcset="https://images.ctfassets.net/u1nb1km7t5q7/79GVrsv9HLi2IptU2s9DuX/118ba7bc9beb0595f6d50dba55a7cf2c/Aesop_Poured_Candles_2020_Hybris_Homepage_Secondary_Accordion_03_Callipus_Background_648x1080px.gif"
          />
          <source
            media="(min-width: 640px)"
            srcset="https://images.ctfassets.net/u1nb1km7t5q7/7co3QQhzvXkQNUpik7W6OG/e56006cda4bf43b623687de50e871300/Aesop_Poured_Candles_2020_Hybris_Homepage_Secondary_Accordion_03_Callipus_Background_648x1080px.gif"
          />
          <source
            media="(min-width: 0px)"
            srcset="https://images.ctfassets.net/u1nb1km7t5q7/3qxE1emdFuU76KIucYGnKK/f7d3255816270000ab6a2c0754579f65/Aesop_Poured_Candles_2020_Hybris_Homepage_Secondary_Accordion_03_Callipus_Background_648x1080px.gif"
          />
          <img
            loading="lazy"
          />
        </picture>
      </div>
      <div
        class="accordionDefaultContent"
      >
        <div>
          <h2
            class="base xLarge light"
          >
            Ptolemy
          </h2>
          <h4
            class="base mediumWeightFont xSmall light"
          >
            Cardamon Mimosa Tobacco
          </h4>
          <div
            class="accordionClosedCopy light"
          >
            A beam to comfort those on the high seas
          </div>
          <button
            class="openBtn light"
          >
            Learn more
          </button>
          <button
            class="base dark closedStateForegroundImageWrap"
            type="button"
          >
            <picture
              class="base picture dark closedForegroundImage"
            >
              <source
                media="(min-width: 1025px)"
                srcset="https://images.ctfassets.net/u1nb1km7t5q7/584i2txtM9Evx8gk8wXeQd/f7aa5dff18c538b5e377a8287c0a60cd/Aesop_Poured_Candles_2020_Hybris_Homepage_Secondary_Accordion_02_Aganice_Product_Desktop_835x962px.png"
              />
              <source
                media="(min-width: 640px)"
                srcset="https://images.ctfassets.net/u1nb1km7t5q7/65hEQAyMqMXx7GQa6HbBIN/d014e96f3a284e8a14a5aa9e5e3c901d/Aesop_Poured_Candles_2020_Hybris_Homepage_Secondary_Accordion_02_Aganice_Product_Tablet_653x752px.png"
              />
              <source
                media="(min-width: 0px)"
                srcset="https://images.ctfassets.net/u1nb1km7t5q7/5XlxK9vdyy9Bm56uVPFjTv/147183c3c92495d161eced89104ccafe/Aesop_Poured_Candles_2020_Hybris_Homepage_Secondary_Accordion_02_Aganice_Product_Mobile_455x524px.png"
              />
              <img
                alt="Lorem ipsum dolor sit"
                loading="lazy"
              />
            </picture>
          </button>
        </div>
      </div>
      <div
        class="accordionExpanded"
        style="background-color: rgb(190, 173, 143);"
      >
        <div
          class="accordionExpandedContent"
        >
          <div
            class="expandedAccordionImage"
          >
            <picture
              class="base picture dark"
            >
              <source
                media="(min-width: 1025px)"
                srcset="https://images.ctfassets.net/u1nb1km7t5q7/3jWHcEvyLuAd3JGTDyM6q6/e8047f01381756ed33cebb66adde78d4/Aesop_Poured_Candles_2020_Hybris_Homepage_Secondary_Accordion_03_Callipus_Menu_1400x1020px.gif"
              />
              <source
                media="(min-width: 640px)"
                srcset="https://images.ctfassets.net/u1nb1km7t5q7/152Y4pHKQXh1rIugZcwpDA/1ff81742d4aec35ffb6b4f4c1ec7407f/Aesop_Poured_Candles_2020_Hybris_Homepage_Secondary_Accordion_03_Callipus_Menu_1400x1020px.gif"
              />
              <source
                media="(min-width: 0px)"
                srcset="https://images.ctfassets.net/u1nb1km7t5q7/4hmTzb2vPAfvAur8D0M0PW/692b1fb975b97be14ced876cf4db71aa/Aesop_Poured_Candles_2020_Hybris_Homepage_Secondary_Accordion_03_Callipus_Menu_1400x1020px.gif"
              />
              <img
                alt="Lorem ipsum dolor sit"
                loading="lazy"
              />
            </picture>
          </div>
          <div
            class="expandedAccordionText"
          >
            <h2
              class="base xLarge dark openStateHeading"
            >
              Aganice
            </h2>
            <h4
              class="base mediumWeightFont xSmall dark openStateEyebrow"
            >
              Cardamon Mimosa Tobacco
            </h4>
            <div
              class="accordionOpenCopy dark"
            >
              A beam to comfort those on the high seas
            </div>
            <div
              class="base"
              data-testid="data-testid-LinkButtonGroup"
            >
              <button
                class="base alternate blockStyle dark base fullWidth  link fullWidth center"
                data-test-ref="ADD_TO_CART"
                title="Add to your cart — $26.45"
                type="button"
              >
                <span
                  class="label"
                >
                  <span>
                     
                  </span>
                  <span>
                    Add to your cart — $26.45
                  </span>
                </span>
              </button>
              <a
                class="base blockStyle hasIcon center dark  link fullWidth center"
                href="/"
                target="_self"
              >
                Lorem ipsum dolor
                 
                <i
                  aria-hidden="true"
                  class="icon"
                >
                  <svg
                    aria-labelledby="rightArrow-1"
                    class="base rightArrow dark"
                    data-testid="data-testid-Icon"
                    focusable="false"
                    height="12"
                    role="img"
                    style="height: 12px; width: 12px;"
                    tabindex="-1"
                    viewBox="0 0 50 50"
                    width="12"
                  >
                    <title
                      id="rightArrow-1"
                    >
                      rightArrow
                    </title>
                    <g>
                      <path
                        d="M30.1,5.3L50,25.1L30.1,45h-6.6l18-17.6H0v-4.8h41.5l-18-17.6h6.6V5.3z"
                      />
                    </g>
                  </svg>
                </i>
              </a>
            </div>
          </div>
        </div>
        <button
          class="closeBtn dark"
        >
          Close
        </button>
      </div>
    </div>
    <div
      class="base"
      data-testid="data-testid-AccordionProduct"
      id="Aganice"
      role="button"
      tabindex="-1"
    >
      <div
        class="accordionDefaultBackground"
        style="background-color: rgb(157, 181, 172);"
      >
        <picture
          class="base picture dark closedBackgroundImage"
        >
          <source
            media="(min-width: 1025px)"
            srcset="https://images.ctfassets.net/u1nb1km7t5q7/79GVrsv9HLi2IptU2s9DuX/118ba7bc9beb0595f6d50dba55a7cf2c/Aesop_Poured_Candles_2020_Hybris_Homepage_Secondary_Accordion_03_Callipus_Background_648x1080px.gif"
          />
          <source
            media="(min-width: 640px)"
            srcset="https://images.ctfassets.net/u1nb1km7t5q7/7co3QQhzvXkQNUpik7W6OG/e56006cda4bf43b623687de50e871300/Aesop_Poured_Candles_2020_Hybris_Homepage_Secondary_Accordion_03_Callipus_Background_648x1080px.gif"
          />
          <source
            media="(min-width: 0px)"
            srcset="https://images.ctfassets.net/u1nb1km7t5q7/3qxE1emdFuU76KIucYGnKK/f7d3255816270000ab6a2c0754579f65/Aesop_Poured_Candles_2020_Hybris_Homepage_Secondary_Accordion_03_Callipus_Background_648x1080px.gif"
          />
          <img
            loading="lazy"
          />
        </picture>
      </div>
      <div
        class="accordionDefaultContent"
      >
        <div>
          <h2
            class="base xLarge light"
          >
            Ptolemy
          </h2>
          <h4
            class="base mediumWeightFont xSmall light"
          >
            Cardamon Mimosa Tobacco
          </h4>
          <div
            class="accordionClosedCopy light"
          >
            A beam to comfort those on the high seas
          </div>
          <button
            class="openBtn light"
          >
            Learn more
          </button>
          <button
            class="base dark closedStateForegroundImageWrap"
            type="button"
          >
            <picture
              class="base picture dark closedForegroundImage"
            >
              <source
                media="(min-width: 1025px)"
                srcset="https://images.ctfassets.net/u1nb1km7t5q7/584i2txtM9Evx8gk8wXeQd/f7aa5dff18c538b5e377a8287c0a60cd/Aesop_Poured_Candles_2020_Hybris_Homepage_Secondary_Accordion_02_Aganice_Product_Desktop_835x962px.png"
              />
              <source
                media="(min-width: 640px)"
                srcset="https://images.ctfassets.net/u1nb1km7t5q7/65hEQAyMqMXx7GQa6HbBIN/d014e96f3a284e8a14a5aa9e5e3c901d/Aesop_Poured_Candles_2020_Hybris_Homepage_Secondary_Accordion_02_Aganice_Product_Tablet_653x752px.png"
              />
              <source
                media="(min-width: 0px)"
                srcset="https://images.ctfassets.net/u1nb1km7t5q7/5XlxK9vdyy9Bm56uVPFjTv/147183c3c92495d161eced89104ccafe/Aesop_Poured_Candles_2020_Hybris_Homepage_Secondary_Accordion_02_Aganice_Product_Mobile_455x524px.png"
              />
              <img
                alt="Lorem ipsum dolor sit"
                loading="lazy"
              />
            </picture>
          </button>
        </div>
      </div>
      <div
        class="accordionExpanded"
        style="background-color: rgb(190, 173, 143);"
      >
        <div
          class="accordionExpandedContent"
        >
          <div
            class="expandedAccordionImage"
          >
            <picture
              class="base picture dark"
            >
              <source
                media="(min-width: 1025px)"
                srcset="https://images.ctfassets.net/u1nb1km7t5q7/3jWHcEvyLuAd3JGTDyM6q6/e8047f01381756ed33cebb66adde78d4/Aesop_Poured_Candles_2020_Hybris_Homepage_Secondary_Accordion_03_Callipus_Menu_1400x1020px.gif"
              />
              <source
                media="(min-width: 640px)"
                srcset="https://images.ctfassets.net/u1nb1km7t5q7/152Y4pHKQXh1rIugZcwpDA/1ff81742d4aec35ffb6b4f4c1ec7407f/Aesop_Poured_Candles_2020_Hybris_Homepage_Secondary_Accordion_03_Callipus_Menu_1400x1020px.gif"
              />
              <source
                media="(min-width: 0px)"
                srcset="https://images.ctfassets.net/u1nb1km7t5q7/4hmTzb2vPAfvAur8D0M0PW/692b1fb975b97be14ced876cf4db71aa/Aesop_Poured_Candles_2020_Hybris_Homepage_Secondary_Accordion_03_Callipus_Menu_1400x1020px.gif"
              />
              <img
                alt="Lorem ipsum dolor sit"
                loading="lazy"
              />
            </picture>
          </div>
          <div
            class="expandedAccordionText"
          >
            <h2
              class="base xLarge light openStateHeading"
            >
              Aganice
            </h2>
            <h4
              class="base mediumWeightFont xSmall light openStateEyebrow"
            >
              Cardamon Mimosa Tobacco
            </h4>
            <div
              class="accordionOpenCopy light"
            >
              A beam to comfort those on the high seas
            </div>
            <div
              class="base"
              data-testid="data-testid-LinkButtonGroup"
            >
              <button
                class="base alternate blockStyle light base fullWidth  link fullWidth center"
                data-test-ref="ADD_TO_CART"
                title="Add to your cart — $26.45"
                type="button"
              >
                <span
                  class="label"
                >
                  <span>
                     
                  </span>
                  <span>
                    Add to your cart — $26.45
                  </span>
                </span>
              </button>
              <a
                class="base blockStyle hasIcon center light  link fullWidth center"
                href="/"
                target="_self"
              >
                Lorem ipsum dolor
                 
                <i
                  aria-hidden="true"
                  class="icon"
                >
                  <svg
                    aria-labelledby="rightArrow-2"
                    class="base rightArrow light"
                    data-testid="data-testid-Icon"
                    focusable="false"
                    height="12"
                    role="img"
                    style="height: 12px; width: 12px;"
                    tabindex="-1"
                    viewBox="0 0 50 50"
                    width="12"
                  >
                    <title
                      id="rightArrow-2"
                    >
                      rightArrow
                    </title>
                    <g>
                      <path
                        d="M30.1,5.3L50,25.1L30.1,45h-6.6l18-17.6H0v-4.8h41.5l-18-17.6h6.6V5.3z"
                      />
                    </g>
                  </svg>
                </i>
              </a>
            </div>
          </div>
        </div>
        <button
          class="closeBtn light"
        >
          Close
        </button>
      </div>
    </div>
    <div
      class="base"
      data-testid="data-testid-AccordionProduct"
      id="Aganice"
      role="button"
      tabindex="-1"
    >
      <div
        class="accordionDefaultBackground"
        style="background-color: rgb(157, 181, 172);"
      >
        <picture
          class="base picture dark closedBackgroundImage"
        >
          <source
            media="(min-width: 1025px)"
            srcset="https://images.ctfassets.net/u1nb1km7t5q7/79GVrsv9HLi2IptU2s9DuX/118ba7bc9beb0595f6d50dba55a7cf2c/Aesop_Poured_Candles_2020_Hybris_Homepage_Secondary_Accordion_03_Callipus_Background_648x1080px.gif"
          />
          <source
            media="(min-width: 640px)"
            srcset="https://images.ctfassets.net/u1nb1km7t5q7/7co3QQhzvXkQNUpik7W6OG/e56006cda4bf43b623687de50e871300/Aesop_Poured_Candles_2020_Hybris_Homepage_Secondary_Accordion_03_Callipus_Background_648x1080px.gif"
          />
          <source
            media="(min-width: 0px)"
            srcset="https://images.ctfassets.net/u1nb1km7t5q7/3qxE1emdFuU76KIucYGnKK/f7d3255816270000ab6a2c0754579f65/Aesop_Poured_Candles_2020_Hybris_Homepage_Secondary_Accordion_03_Callipus_Background_648x1080px.gif"
          />
          <img
            loading="lazy"
          />
        </picture>
      </div>
      <div
        class="accordionDefaultContent"
      >
        <div>
          <h2
            class="base xLarge dark"
          >
            Ptolemy
          </h2>
          <h4
            class="base mediumWeightFont xSmall dark"
          >
            Cardamon Mimosa Tobacco
          </h4>
          <div
            class="accordionClosedCopy dark"
          >
            A beam to comfort those on the high seas
          </div>
          <button
            class="openBtn dark"
          >
            Learn more
          </button>
          <button
            class="base dark closedStateForegroundImageWrap"
            type="button"
          >
            <picture
              class="base picture dark closedForegroundImage"
            >
              <source
                media="(min-width: 1025px)"
                srcset="https://images.ctfassets.net/u1nb1km7t5q7/584i2txtM9Evx8gk8wXeQd/f7aa5dff18c538b5e377a8287c0a60cd/Aesop_Poured_Candles_2020_Hybris_Homepage_Secondary_Accordion_02_Aganice_Product_Desktop_835x962px.png"
              />
              <source
                media="(min-width: 640px)"
                srcset="https://images.ctfassets.net/u1nb1km7t5q7/65hEQAyMqMXx7GQa6HbBIN/d014e96f3a284e8a14a5aa9e5e3c901d/Aesop_Poured_Candles_2020_Hybris_Homepage_Secondary_Accordion_02_Aganice_Product_Tablet_653x752px.png"
              />
              <source
                media="(min-width: 0px)"
                srcset="https://images.ctfassets.net/u1nb1km7t5q7/5XlxK9vdyy9Bm56uVPFjTv/147183c3c92495d161eced89104ccafe/Aesop_Poured_Candles_2020_Hybris_Homepage_Secondary_Accordion_02_Aganice_Product_Mobile_455x524px.png"
              />
              <img
                alt="Lorem ipsum dolor sit"
                loading="lazy"
              />
            </picture>
          </button>
        </div>
      </div>
      <div
        class="accordionExpanded"
        style="background-color: rgb(190, 173, 143);"
      >
        <div
          class="accordionExpandedContent"
        >
          <div
            class="expandedAccordionImage"
          >
            <picture
              class="base picture dark"
            >
              <source
                media="(min-width: 1025px)"
                srcset="https://images.ctfassets.net/u1nb1km7t5q7/3jWHcEvyLuAd3JGTDyM6q6/e8047f01381756ed33cebb66adde78d4/Aesop_Poured_Candles_2020_Hybris_Homepage_Secondary_Accordion_03_Callipus_Menu_1400x1020px.gif"
              />
              <source
                media="(min-width: 640px)"
                srcset="https://images.ctfassets.net/u1nb1km7t5q7/152Y4pHKQXh1rIugZcwpDA/1ff81742d4aec35ffb6b4f4c1ec7407f/Aesop_Poured_Candles_2020_Hybris_Homepage_Secondary_Accordion_03_Callipus_Menu_1400x1020px.gif"
              />
              <source
                media="(min-width: 0px)"
                srcset="https://images.ctfassets.net/u1nb1km7t5q7/4hmTzb2vPAfvAur8D0M0PW/692b1fb975b97be14ced876cf4db71aa/Aesop_Poured_Candles_2020_Hybris_Homepage_Secondary_Accordion_03_Callipus_Menu_1400x1020px.gif"
              />
              <img
                alt="Lorem ipsum dolor sit"
                loading="lazy"
              />
            </picture>
          </div>
          <div
            class="expandedAccordionText"
          >
            <h2
              class="base xLarge dark openStateHeading"
            >
              Aganice
            </h2>
            <h4
              class="base mediumWeightFont xSmall dark openStateEyebrow"
            >
              Cardamon Mimosa Tobacco
            </h4>
            <div
              class="accordionOpenCopy dark"
            >
              A beam to comfort those on the high seas
            </div>
            <div
              class="base"
              data-testid="data-testid-LinkButtonGroup"
            >
              <button
                class="base alternate blockStyle dark base fullWidth  link fullWidth center"
                data-test-ref="ADD_TO_CART"
                title="Add to your cart — $26.45"
                type="button"
              >
                <span
                  class="label"
                >
                  <span>
                     
                  </span>
                  <span>
                    Add to your cart — $26.45
                  </span>
                </span>
              </button>
              <a
                class="base blockStyle hasIcon center dark  link fullWidth center"
                href="/"
                target="_self"
              >
                Lorem ipsum dolor
                 
                <i
                  aria-hidden="true"
                  class="icon"
                >
                  <svg
                    aria-labelledby="rightArrow-3"
                    class="base rightArrow dark"
                    data-testid="data-testid-Icon"
                    focusable="false"
                    height="12"
                    role="img"
                    style="height: 12px; width: 12px;"
                    tabindex="-1"
                    viewBox="0 0 50 50"
                    width="12"
                  >
                    <title
                      id="rightArrow-3"
                    >
                      rightArrow
                    </title>
                    <g>
                      <path
                        d="M30.1,5.3L50,25.1L30.1,45h-6.6l18-17.6H0v-4.8h41.5l-18-17.6h6.6V5.3z"
                      />
                    </g>
                  </svg>
                </i>
              </a>
            </div>
          </div>
        </div>
        <button
          class="closeBtn dark"
        >
          Close
        </button>
      </div>
    </div>
  </div>
</div>
`;
