// Jest Snapshot v1, https://goo.gl/fbAQLP

exports[`<LinkButtonGroup /> renders children correctly 1`] = `
<div>
  <div
    class="base flush"
    data-testid="data-testid-LinkButtonGroup"
  >
    <button
      class="base blockStyle light  link flushLink center"
      title="test button"
      type="button"
    >
      Test
    </button>
  </div>
</div>
`;
