// Jest Snapshot v1, https://goo.gl/fbAQLP

exports[`<LinkButtonGroup /> renders base component correctly 1`] = `<div />`;

exports[`<LinkButtonGroup /> renders children correctly 1`] = `
<div>
  <div
    class="base flush"
  >
    <a
      class=" link flushLink center"
      href="/au/r/about"
      textalign="center"
      theme="light"
    >
      Link
    </a>
  </div>
</div>
`;
