// Jest Snapshot v1, https://goo.gl/fbAQLP

exports[`<ProductDetailImage /> should render base component correctly 1`] = `
<div>
  <div
    class="base dark fixture-classname shiftInLeftEnter shiftInLeftEnterActive"
  >
    <figure
      class="base dark fadeEnter"
    >
      <picture
        class="base picture dark image"
      >
        <img
          loading="lazy"
        />
      </picture>
    </figure>
  </div>
</div>
`;
