// Jest Snapshot v1, https://goo.gl/fbAQLP

exports[`<Textarea /> renders base component correctly 1`] = `
<div>
  <label
    for="test-textarea"
  >
    <div
      class="base dark"
    >
      <textarea
        class="textarea dark"
        data-test-ref="test-data-ref"
        id="test-textarea"
      />
    </div>
  </label>
</div>
`;
