// Jest Snapshot v1, https://goo.gl/fbAQLP

exports[`<Audio.AudioHeader /> should render base component correctly 1`] = `
<div>
  <header
    class="base"
  >
    <h3
      class="base flush xXSmall dark artistName"
    >
      foo
    </h3>
    <h4
      class="base flush serifFont medium dark"
    >
      bar
    </h4>
  </header>
</div>
`;
