// Jest Snapshot v1, https://goo.gl/fbAQLP

exports[`<Audio.Header /> renders base component correctly 1`] = `
<header
  className="base"
>
  <h3
    className="base flush xXSmall dark artistName"
  >
    foo
  </h3>
  <h4
    className="base flush serifFont medium dark"
  >
    bar
  </h4>
</header>
`;
