// Jest Snapshot v1, https://goo.gl/fbAQLP

exports[`<ProductExtract /> should render base component correctly 1`] = `
<div>
  <div
    class="base dark slideIn hasTopMargin item1"
    data-testid="data-testid-ProductExtract"
  >
    <a
      class="base left dark link"
      data-test-ref="test_id"
      href="/"
      target="_self"
      title="The sea"
    >
      <div
        class="flexContainer delayAnimation slideIn"
      >
        <div
          class="productDescription"
        >
          <h4
            class="base xXSmall dark heading delayAnimation slideIn"
          >
            <span />
          </h4>
          <div
            class="productName delayAnimation slideIn"
          >
            <div>
              <span>
                The sea
              </span>
            </div>
          </div>
        </div>
        <div
          class="productImage delayAnimation slideIn small"
        >
          <picture
            class="base picture dark"
          >
            <source
              media="(min-width: 0px)"
              srcset="https://images.ctfassets.net/u1nb1km7t5q7/5JHOiuwRLBAc78jTcLVb5I/bfad1667393889dd8af5e31b080436bd/Aesop_Hair_Violet_Leaf_Hair_Balm_60mL_small.png"
            />
            <img
              alt="Product Extract"
              loading="lazy"
            />
          </picture>
        </div>
      </div>
    </a>
  </div>
</div>
`;
