// Jest Snapshot v1, https://goo.gl/fbAQLP

exports[`<NotificationModal /> should render base component correctly 1`] = `
<div>
  <div
    class="base isNotVisible"
    style="background-color: rgb(213, 213, 204);"
  >
    <span
      class="notificationMessage"
    >
      Sincere thanks for subscribing. We are always pleased to share ourpassionate interests with like - minded individuals.
    </span>
    <button
      class="closeButton"
      data-ref="close"
      tabindex="-1"
    >
      <svg
        class="base close dark"
        data-ref=""
        data-testid="data-testid-Icon"
        focusable="false"
        height="15"
        role="img"
        style="height: 15px; width: 15px;"
        tabindex="-1"
        viewBox="0 0 50 50"
        width="15"
      >
        <g>
          <polygon
            class="close"
            points="50,5 45,0 25,20 5,0 0,5 20,25 0,45 5,50 25,30 45,50 50,45 30,25"
          />
        </g>
      </svg>
    </button>
  </div>
</div>
`;
