// Jest Snapshot v1, https://goo.gl/fbAQLP

exports[`<BynderWidget /> renders base component correctly 1`] = `
<div>
  <article
    class="base dark"
    id="6E8E63F9-7A54-442B-861E291124E19D94"
  >
    <h3
      class="heading"
    >
      Media Releases
    </h3>
    <span
      class="base isLoading medium dark"
    >
      <span
        class="dot"
      />
      <span
        class="dot"
      />
      <span
        class="dot"
      />
    </span>
    <div
      data-bynder-widget="media-list"
      data-collection-id="6E8E63F9-7A54-442B-861E291124E19D94"
      data-rows="3"
    />
  </article>
</div>
`;
