// Jest Snapshot v1, https://goo.gl/fbAQLP

exports[`<BynderWidget /> should render base component correctly 1`] = `
<div>
  <article
    class="base dark"
    id="6E8E63F9-7A54-442B-861E291124E19D94"
  >
    <h3
      class="base xSmall dark heading"
    >
      heading
    </h3>
    <span
      aria-busy="true"
      aria-live="polite"
      class="base isLoading medium dark"
      data-testid="data-testid-loading"
      role="status"
    >
      <span
        class="loadingText"
      >
        loading
      </span>
      <span
        class="dot"
      />
      <span
        class="dot"
      />
      <span
        class="dot"
      />
    </span>
    <div
      data-bynder-widget="media-list"
      data-collection-id="6E8E63F9-7A54-442B-861E291124E19D94"
      data-rows="3"
    />
  </article>
</div>
`;
