// Jest Snapshot v1, https://goo.gl/fbAQLP

exports[`<HeroBanner /> should render base component correctly 1`] = `
<div>
  <div
    class="base"
    style="background-color: rgb(246, 245, 232);"
  >
    <div
      class="base undefined"
    >
      <figure
        class="base dark figure"
      >
        <picture
          class="base picture dark"
        >
          <source
            media="(min-width: 1025px)"
            srcset="https://www.aesop.com/medias/Aesop-Skin-Classic-Purifying-Facial-Exfoliant-Paste-Texture-50-50-Mobile-640x640px.jpg?context=bWFzdGVyfGltYWdlc3wyNDg1OHxpbWFnZS9qcGVnfGltYWdlcy9oMjIvaDBkLzkxMTYyMjg1MTc5MTguanBnfDJjZDUzMjI4N2EzZDgyYzE1ZTk3MTM4OWFjODU5N2Q2NjQ4YTAxNzcwZmE4YjBlZDQ2YTJmYTRhOTI5ZWQyY2I"
          />
          <source
            media="(min-width: 640px)"
            srcset="https://www.aesop.com/medias/Aesop-Skin-Classic-Purifying-Facial-Exfoliant-Paste-Texture-50-50-Mobile-640x640px.jpg?context=bWFzdGVyfGltYWdlc3wyNDg1OHxpbWFnZS9qcGVnfGltYWdlcy9oMjIvaDBkLzkxMTYyMjg1MTc5MTguanBnfDJjZDUzMjI4N2EzZDgyYzE1ZTk3MTM4OWFjODU5N2Q2NjQ4YTAxNzcwZmE4YjBlZDQ2YTJmYTRhOTI5ZWQyY2I"
          />
          <source
            media="(min-width: 0px)"
            srcset="https://www.aesop.com/medias/Aesop-Skin-Classic-Purifying-Facial-Exfoliant-Paste-Texture-50-50-Mobile-640x640px.jpg?context=bWFzdGVyfGltYWdlc3wyNDg1OHxpbWFnZS9qcGVnfGltYWdlcy9oMjIvaDBkLzkxMTYyMjg1MTc5MTguanBnfDJjZDUzMjI4N2EzZDgyYzE1ZTk3MTM4OWFjODU5N2Q2NjQ4YTAxNzcwZmE4YjBlZDQ2YTJmYTRhOTI5ZWQyY2I"
          />
          <img
            alt="alt image"
            loading="lazy"
          />
        </picture>
      </figure>
    </div>
    <div
      class="base dark"
    >
      <div
        class="innerWrapper"
      >
        <header
          class="header base"
        >
          <h1
            class="base serifFont xLarge dark heading"
          >
            Fusce et dui nisi
          </h1>
          <h2
            class="base mediumWeightFont xXSmall dark eyebrow"
          >
            Quisque blandit est erat
          </h2>
        </header>
        <div
          class="content"
        >
          <div
            class="set dark large description"
          >
            Aliquam lectus purus, gravida id metus dignissim, efficitur tempus lacus. Maecenas a cursus diam. Vivamus ultrices nisi non ex placerat, vel elementum sapien condimentum.
          </div>
          <dl
            class="base dark"
            data-testid="data-testid-DefinitionList"
          >
            <dt
              class="term slideIn"
            >
              Aliquam
            </dt>
            <dd
              class="description slideIn"
            >
              Proin vulputate eros quis lectus pretium gravida.
            </dd>
            <dt
              class="term slideIn"
            >
              Etiam eu augue quam
            </dt>
            <dd
              class="description slideIn"
            >
              Pulvinar nulla enim, eu elementum lacus vehicula sed.
            </dd>
            <dt
              class="term slideIn"
            >
              Duis at elit
            </dt>
            <dd
              class="description slideIn"
            >
              Sed ac ipsum vel risus aliquam rutrum.
            </dd>
          </dl>
        </div>
      </div>
    </div>
  </div>
</div>
`;
