// Jest Snapshot v1, https://goo.gl/fbAQLP

exports[`<Video /> should render base component correctly 1`] = `
<div>
  <div
    class="base fullWidth"
    id="video"
    role="group"
  >
    <figure
      class="fallbackImageFigure"
    >
      <picture
        class="base picture dark fallbackImage"
      >
        <source
          media="(min-width: 1025px)"
          srcset="./assets/images/MediaWithContent/video-poster.png"
        />
        <source
          media="(min-width: 640px)"
          srcset="./assets/images/MediaWithContent/video-poster.png"
        />
        <source
          media="(min-width: 0px)"
          srcset="./assets/images/MediaWithContent/video-poster.png"
        />
        <img
          alt="How to Use Video for Tea Tree Leaf Facial Exfoliant"
          loading="lazy"
        />
      </picture>
    </figure>
    <video
      autoplay=""
      class="base"
      data-testid="data-testid-VideoPlayer"
      loop=""
      playsinline=""
    >
      <source
        src="https://player.vimeo.com/external/300219772.hd.mp4?s=981a375b08836e6d99532afaefda0b9a78fbf404&profile_id=174"
        type="video/mp4"
      />
    </video>
    <button
      class="base dark base fadeEnter"
      title="View video"
      type="button"
    >
      <picture
        class="base picture dark"
      >
        <img
          alt="How to Use Video for Tea Tree Leaf Facial Exfoliant"
          loading="lazy"
        />
      </picture>
    </button>
    <div
      class="base"
    >
      <div
        class="zoomEnter"
      >
        <div
          class="fullScreenControlsHeader"
        >
          <button
            class="base dark close"
            title="Close"
            type="button"
          >
            <svg
              aria-labelledby="close-0"
              class="base close light"
              data-testid="data-testid-Icon"
              focusable="false"
              height="16"
              role="img"
              style="height: 16px; width: 16px;"
              tabindex="-1"
              viewBox="0 0 50 50"
              width="16"
            >
              <title
                id="close-0"
              >
                close
              </title>
              <g>
                <polygon
                  class="close"
                  points="50,5 45,0 25,20 5,0 0,5 20,25 0,45 5,50 25,30 45,50 50,45 30,25"
                />
              </g>
            </svg>
          </button>
          <button
            class="base dark fullScreenPlayPauseButton"
            title="Pause video"
            type="button"
          >
            <svg
              aria-labelledby="pause-1"
              class="base pause light"
              data-testid="data-testid-Icon"
              focusable="false"
              height="10"
              role="img"
              style="height: 10px; width: 10px;"
              tabindex="-1"
              viewBox="0 0 9 10"
              width="10"
            >
              <title
                id="pause-1"
              >
                pause
              </title>
              <g>
                <polygon
                  class="play"
                  points="0,0 3,0 3,10 0,10 0,0"
                />
                <polygon
                  class="play"
                  points="6,0 9,0 9,10 6,10 6,0"
                />
              </g>
            </svg>
          </button>
        </div>
      </div>
      <button
        class="base dark playPauseButton activePlayPauseButton"
        title="Pause video"
        type="button"
      >
        <svg
          aria-labelledby="pause-2"
          class="base pause dark"
          data-testid="data-testid-Icon"
          focusable="false"
          height="10"
          role="img"
          style="height: 10px; width: 10px;"
          tabindex="-1"
          viewBox="0 0 9 10"
          width="10"
        >
          <title
            id="pause-2"
          >
            pause
          </title>
          <g>
            <polygon
              class="play"
              points="0,0 3,0 3,10 0,10 0,0"
            />
            <polygon
              class="play"
              points="6,0 9,0 9,10 6,10 6,0"
            />
          </g>
        </svg>
      </button>
      <div
        class="progressBar"
      >
        <div
          class="progress"
          style="width: 0%;"
        />
      </div>
    </div>
  </div>
</div>
`;
