// Jest Snapshot v1, https://goo.gl/fbAQLP

exports[`<StoreHoursList /> should render base component correctly 1`] = `
<div>
  <div
    class="base dark"
  >
    <h4
      class="base xXSmall dark heading"
    >
      Opening hours
    </h4>
    <ul
      class="list"
    >
      <li
        class="item"
      >
        <span
          class="dayName"
        >
          Monday
        </span>
        <span
          class="hours"
        >
          11am - 4pm
        </span>
      </li>
      <li
        class="item"
      >
        <span
          class="dayName"
        >
          Tuesday
        </span>
        <span
          class="hours alternateHours"
        >
          10am - 3pm
        </span>
      </li>
      <li
        class="item"
      >
        <span
          class="dayName"
        >
          Wednesday
        </span>
        <span
          class="hours"
        >
          10am - 3pm
        </span>
      </li>
      <li
        class="item"
      >
        <span
          class="dayName"
        >
          Thursday
        </span>
        <span
          class="hours"
        >
          10am - 3pm
        </span>
      </li>
      <li
        class="item"
      >
        <span
          class="dayName"
        >
          Friday
        </span>
        <span
          class="hours"
        >
          10am - 3pm
        </span>
      </li>
      <li
        class="item"
      >
        <span
          class="dayName"
        >
          Saturday
        </span>
        <span
          class="hours alternateHours"
        >
          10am - 3pm
        </span>
      </li>
      <li
        class="item"
      >
        <span
          class="dayName"
        >
          Sunday
        </span>
        <span
          class="hours"
        >
          10am - 3pm
        </span>
      </li>
    </ul>
    <div
      class="alternateHoursNote"
    >
      Special opening hours
    </div>
  </div>
</div>
`;
