// Jest Snapshot v1, https://goo.gl/fbAQLP

exports[`<FullWidthHeroScroll /> should render base component correctly 1`] = `
<div>
  <section
    class="base light"
  >
    <div
      class="scrollLockMedia"
    />
    <div
      class="scrollingContent"
    >
      <div
        class="base light"
      >
        <div>
          1. Aliquam turpis libero, posuere sed nisl in, porta facilisis lorem. Phasellus eu turpis in quam efficitur hendrerit.
        </div>
      </div>
      <div
        class="base light"
      >
        <div>
          2. Aliquam turpis libero, posuere sed nisl in, porta facilisis lorem. Phasellus eu turpis in quam efficitur hendrerit.
        </div>
      </div>
      <div
        class="base light"
      >
        <div>
          3. Aliquam turpis libero, posuere sed nisl in, porta facilisis lorem. Phasellus eu turpis in quam efficitur hendrerit.
        </div>
      </div>
    </div>
  </section>
</div>
`;
