// Jest Snapshot v1, https://goo.gl/fbAQLP

exports[`<GlobalNavigation.MobileView.PrimaryMenu /> should render base component correctly 1`] = `
<div>
  <nav
    aria-hidden="true"
    aria-label="primary"
    class="fadeEnter"
    role="navigation"
  >
    <ul
      class="list"
    />
  </nav>
  ,
</div>
`;
