// Jest Snapshot v1, https://goo.gl/fbAQLP

exports[`<DefinitionList /> should render base component correctly 1`] = `
<div>
  <dl
    class="base dark"
    data-testid="data-testid-DefinitionList"
  >
    <dt
      class="term slideIn"
    >
      Aliquam
    </dt>
    <dd
      class="description slideIn"
    >
      Proin vulputate eros quis lectus pretium gravida.
    </dd>
    <dt
      class="term slideIn"
    >
      Etiam eu augue quam
    </dt>
    <dd
      class="description slideIn"
    >
      Pulvinar nulla enim, eu elementum lacus vehicula sed.
    </dd>
    <dt
      class="term slideIn"
    >
      Duis at elit
    </dt>
    <dd
      class="description slideIn"
    >
      Sed ac ipsum vel risus aliquam rutrum.
    </dd>
  </dl>
</div>
`;
