// Jest Snapshot v1, https://goo.gl/fbAQLP

exports[`<DefinitionListWithProductExtract /> renders base component correctly 1`] = `
<div>
  <div
    class="base dark slideIn hasTopMargin item1"
    data-testid="data-testid-ProductExtract"
  >
    <div
      class="flexContainer delayAnimation slideIn"
    >
      <div
        class="productDescription"
      >
        <h4
          class="base xXSmall dark heading delayAnimation slideIn"
        >
          <span>
            Works well with
          </span>
        </h4>
        <div
          class="productName delayAnimation slideIn"
        >
          <div>
            <span />
          </div>
        </div>
      </div>
      <div
        class="productImage delayAnimation slideIn small"
      >
        <picture
          class="base picture dark"
        >
          <img
            alt="Product Extract"
            loading="lazy"
          />
        </picture>
      </div>
    </div>
  </div>
</div>
`;
