// Jest Snapshot v1, https://goo.gl/fbAQLP

exports[`<KitList /> should render base component correctly 1`] = `
<div>
  <ul
    class="base dark base dark"
  >
    <li
      class="item item slideIn"
    >
      Pellentesque vitae sapien leo
    </li>
    <li
      class="item item slideIn"
    >
      Nunc in euismod lectus
    </li>
    <li
      class="item item slideIn"
    >
      Aenean magna lectus, gravida non mi et, varius mattis sapien
    </li>
    <li
      class="item item slideIn"
    >
      Donec vel sapien accumsan, scelerisque lacus placerat, placerat est
    </li>
  </ul>
</div>
`;
