// Jest Snapshot v1, https://goo.gl/fbAQLP

exports[`<RadioGroup /> should render base component correctly 1`] = `
<div>
  <ul
    class="base"
  >
    <li
      class="radio"
    >
      <label
        class="label"
        for="option-morbi-id-nulla"
      >
        <input
          aria-checked="true"
          checked=""
          class="input"
          data-test-ref="RADIO_GROUP_TEST_REF"
          id="option-morbi-id-nulla"
          name="radio-group"
          tabindex="0"
          type="radio"
          value="morbi-id-nulla"
        />
        <span
          class="pot dark"
        />
        <span
          class="labelContent dark"
        >
          Morbi id nulla
        </span>
      </label>
    </li>
    <li
      class="radio"
    >
      <label
        class="label"
        for="option-nullam-ultrices"
      >
        <input
          aria-checked="false"
          class="input"
          data-test-ref="RADIO_GROUP_TEST_REF"
          id="option-nullam-ultrices"
          name="radio-group"
          tabindex="0"
          type="radio"
          value="nullam-ultrices"
        />
        <span
          class="pot dark"
        />
        <span
          class="labelContent dark"
        >
          Nullam ultrices
        </span>
      </label>
    </li>
  </ul>
  <div
    class="errorMessage"
  >
    Test Error Messsage
  </div>
</div>
`;
