// Jest Snapshot v1, https://goo.gl/fbAQLP

exports[`<TwoColumnList /> renders base component correctly 1`] = `
<div>
  <div
    class="base dark"
  >
    <div
      class="column"
    >
      <div
        class="wrapper"
      >
        <h2
          class="base large dark heading"
        >
          Suspendisse rhoncus
        </h2>
        <h3
          class="base mediumWeightFont xSmall dark"
        >
          Sagittis diam
        </h3>
        <ul
          class="base dark list"
        >
          <li
            class="item item"
          >
            <a
              class="base left dark link"
              href="/"
              target="_self"
            >
              Quisque venenatis dictum
            </a>
          </li>
          <li
            class="item item"
          >
            <a
              class="base left dark link"
              href="/"
              target="_self"
            >
              Aliquam ullamcorper
            </a>
          </li>
        </ul>
      </div>
      <div
        class="wrapper"
      >
        <h2
          class="base large dark heading"
        >
          Vestibulum ipsum
        </h2>
        <h3
          class="base mediumWeightFont xSmall dark"
        >
          Nullam sed libero
        </h3>
        <ul
          class="base dark list"
        >
          <li
            class="item item"
          >
            <a
              class="base left dark link"
              href="/"
              target="_self"
            >
              Donec non venenatis massa
            </a>
          </li>
          <li
            class="item item"
          >
            <a
              class="base left dark link"
              href="/"
              target="_self"
            >
              Donec non venenatis
            </a>
          </li>
          <li
            class="item item"
          >
            <a
              class="base left dark link"
              href="/"
              target="_self"
            >
              Venenatis donec non massa
            </a>
          </li>
        </ul>
      </div>
    </div>
    <div
      class="column"
    >
      <div
        class="wrapper"
      >
        <h2
          class="base large dark heading"
        >
          Interdum et malesuada fames
        </h2>
        <h3
          class="base mediumWeightFont xSmall dark"
        >
          Fusce venenatis
        </h3>
        <ul
          class="base dark list"
        >
          <li
            class="item item"
          >
            Pellentesque luctus
          </li>
          <li
            class="item item"
          >
            <a
              class="base left dark link"
              href="/"
              target="_self"
            >
              Maecenas a libero
            </a>
          </li>
        </ul>
      </div>
    </div>
  </div>
</div>
`;
