// Jest Snapshot v1, https://goo.gl/fbAQLP

exports[`<GlobalNavigation.MobileView.Collection /> should render base component correctly 1`] = `
<div>
  <button
    aria-expanded="true"
    aria-haspopup="true"
    aria-hidden="false"
    class="base dark itemElement"
    tabindex="-1"
    title="Collection"
    type="button"
  >
    Collection
    <svg
      aria-labelledby="chevron-1"
      class="base chevron dark directionIcon forward dark"
      data-testid="data-testid-Icon"
      focusable="false"
      height="12"
      role="img"
      style="height: 12px; width: 12px;"
      tabindex="-1"
      viewBox="0 0 50 50"
      width="12"
    >
      <title
        id="chevron-1"
      >
        chevron
      </title>
      <g>
        <polygon
          class="chevron"
          points="25,31.3 4.2,10.5 0.1,14.6 25,39.5 50,14.6 45.9,10.5"
        />
      </g>
    </svg>
  </button>
  <ul
    aria-hidden="false"
    aria-label="submenu"
    class="list sublist slide"
  >
    <li
      class="listItem"
    >
      <button
        aria-hidden="false"
        aria-label="back"
        class="base dark itemElement backButton"
        title="Return from collection"
        type="button"
      >
        <svg
          aria-labelledby="chevron-2"
          class="base chevron dark directionIcon backwards dark"
          data-testid="data-testid-Icon"
          focusable="false"
          height="14"
          role="img"
          style="height: 14px; width: 14px;"
          tabindex="-1"
          viewBox="0 0 50 50"
          width="14"
        >
          <title
            id="chevron-2"
          >
            chevron
          </title>
          <g>
            <polygon
              class="chevron"
              points="25,31.3 4.2,10.5 0.1,14.6 25,39.5 50,14.6 45.9,10.5"
            />
          </g>
        </svg>
         
        Return from collection
      </button>
    </li>
  </ul>
</div>
`;
