// Jest Snapshot v1, https://goo.gl/fbAQLP

exports[`<TextOverFullWidthAsset /> should render base component correctly 1`] = `
<div>
  <div
    class="base TextOverFullWidthAsset-className"
    data-testid="data-testid-TextOverFullWidthAsset"
  >
    <picture
      class="base picture dark media"
    >
      <source
        media="(min-width: 1025px)"
        srcset="//images.ctfassets.net/u1nb1km7t5q7/1Sw3Q1024SHFqrriGvx6y1/4c7e5243ac23747ab5f8e262af599624/Aesop_Book_Hybris_PDP_Secondary_Full_Bleed_4_Desktop_2880x1660px.jpg"
      />
      <source
        media="(min-width: 640px)"
        srcset="//images.ctfassets.net/u1nb1km7t5q7/6XAh6dKp0ky1HessHwlyy9/036409213a0f171fc97fce83efc22fc6/Aesop_Book_Hybris_PDP_Secondary_Full_Bleed_4_Tablet_1536x886px.jpg"
      />
      <source
        media="(min-width: 0px)"
        srcset="//images.ctfassets.net/u1nb1km7t5q7/1IplJjfzNIRQUO2jveRLkU/17572690bac53ac1b14994349aacbe01/Aesop_Book_Hybris_PDP_Secondary_Full_Bleed_4_Mobile_640x370px.jpg"
      />
      <img
        alt="TextOverFullWidthAsset-backgroundImage-altText"
        loading="lazy"
      />
    </picture>
    <div
      class="content Top Left"
    >
      content
    </div>
  </div>
</div>
`;
