// Jest Snapshot v1, https://goo.gl/fbAQLP

exports[`<Loading /> renders base component correctly 1`] = `
<div>
  <span
    class="base isLoading medium dark"
    data-testid="data-testid-loading"
  >
    <span
      class="dot"
    />
    <span
      class="dot"
    />
    <span
      class="dot"
    />
  </span>
</div>
`;
